SCIDB QUERY : <load_library('misc')>
Query was executed successfully

SCIDB QUERY : <store(apply(build(<val:int64>[i=0:100:0:10], i), inject, injectError(0,12)), chunkOutOfBoundsArray)>
[An error expected at this place for the query "store(apply(build(<val:int64>[i=0:100:0:10], i), inject, injectError(0,12)), chunkOutOfBoundsArray)". And it failed.]

SCIDB QUERY : <store(build(<val:int64>[i=0:100:0:10], i), noCurrentChunkArray)>
[Query was executed successfully, ignoring data output by this query.]

SCIDB QUERY : <apply(scan(noCurrentChunkArray), inject, injectError(0,13))>
[An error expected at this place for the query "apply(scan(noCurrentChunkArray), inject, injectError(0,13))". And it failed.]

SCIDB QUERY : <apply(scan(noCurrentChunkArray), inject, injectError(0,14))>
[An error expected at this place for the query "apply(scan(noCurrentChunkArray), inject, injectError(0,14))". And it failed.]

SCIDB QUERY : <remove(chunkOutOfBoundsArray)>
[SciDB query execution failed. But continuing, as it was intended to just run.]

SCIDB QUERY : <remove(noCurrentChunkArray)>
[Query was executed successfully. It was only intended to just run.]
