{x} a
{0} 10
{1} 11
{2} 12

{x} a
{0} 42

Query was executed successfully

