[Query was executed successfully, ignoring data output by this query.]

{i} count
{0} 100

{i} count
{0} 1

{i} count
{0} 1

Query was executed successfully

