{i,j} v

{i,j} v
{0,0} 0
{0,1} 1
{1,0} 2
{1,1} 3
{0,2} 2
{0,3} 3
{1,2} 4
{1,3} 5
{2,0} 4
{2,1} 5
{3,0} 6
{3,1} 7
{2,2} 6
{2,3} 7
{3,2} 8
{3,3} 9

{i,j} v

{i,j} v
{0,0} 0
{0,1} 1
{1,0} null
{1,1} null
{0,2} 2
{0,3} 3
{1,2} null
{1,3} null
{2,0} 4
{2,1} 5
{3,0} 6
{3,1} 7
{2,2} 6
{2,3} 7
{3,2} 8
{3,3} 9

{i,j} v

{i,j} v
{0,0} 0
{0,1} 1
{1,0} 2
{1,1} 3
{0,2} 2
{0,3} 3
{1,2} 4
{1,3} 5
{2,0} 4
{2,1} 5
{3,0} 6
{3,1} 7
{2,2} 6
{2,3} 7
{3,2} 8
{3,3} 9

{i,j} v

{i,j} v
{0,0} 0
{0,1} 1
{1,0} null
{1,1} null
{0,2} 2
{0,3} 3
{1,2} null
{1,3} null
{2,0} 4
{2,1} 5
{3,0} 6
{3,1} 7
{2,2} 6
{2,3} 7
{3,2} 8
{3,3} 9

{i,j} v

{i,j} v
{0,0} 0
{1,1} 3
{2,2} 6
{3,3} 9

